  console.log
    Conectado ao PostgreSQL

      at BoundPool.log (src/config/database.js:14:11)

  console.log
    Conectado ao PostgreSQL

      at BoundPool.log (src/config/database.js:14:11)

node.exe : PASS tests/api.test.js
No C:\Program Files\nodejs\npx.ps1:29 caractere:3
+   & $NODE_EXE $NPX_CLI_JS $args
+   ~~~~~~~~~~~~~~~~~~~~~~~~~~~~~
    + CategoryInfo          : NotSpecified: (PASS tests/ 
   api.test.js:String) [], RemoteException
    + FullyQualifiedErrorId : NativeCommandError
 
  GET /api/health
    ÔêÜ deve retornar status ok (152 ms)
  GET /api/contadores
    ÔêÜ deve retornar contadores num├®ricos (139 ms)
  Valida├º├úo de UUID
    ÔêÜ deve rejeitar ID inv├ílido (17 ms)
    ÔêÜ deve retornar 404 para UUID v├ílido inexistente 
(15 ms)
  PLANOS
    POST /api/planos
      ÔêÜ deve criar um plano v├ílido (33 ms)
      ÔêÜ deve criar segundo plano para testes (14 ms)
      ÔêÜ deve rejeitar nome vazio (12 ms)
      ÔêÜ deve rejeitar nome s├│ com espa├ºos (10 ms)
      ÔêÜ deve rejeitar valor negativo (14 ms)
      ÔêÜ deve rejeitar valor excessivo (12 ms)
      ÔêÜ deve aceitar valor zero (13 ms)
      ÔêÜ deve aceitar nome com acentos (12 ms)
    GET /api/planos
      ÔêÜ deve listar planos (11 ms)
    GET /api/planos/:id
      ÔêÜ deve buscar plano por id (28 ms)
    PUT /api/planos/:id
      ÔêÜ deve atualizar plano (18 ms)
      ÔêÜ deve retornar 404 para plano inexistente (13 
ms)
  EQUIPES
    POST /api/equipes
      ÔêÜ deve criar equipe v├ílida (93 ms)
      ÔêÜ deve criar segunda equipe para testes de jogos 
(19 ms)
      ÔêÜ deve rejeitar sem nome (13 ms)
      ÔêÜ deve rejeitar sem s├®rie (15 ms)
      ÔêÜ deve rejeitar sem planos (18 ms)
      ÔêÜ deve aceitar nome com acentos (21 ms)
      ÔêÜ deve fazer trim no nome (21 ms)
    GET /api/equipes
      ÔêÜ deve listar equipes (17 ms)
      ÔêÜ deve suportar pagina├º├úo (21 ms)
      ÔêÜ deve tratar page/limit inv├ílidos (17 ms)
    GET /api/equipes/:id
      ÔêÜ deve buscar equipe com planos (18 ms)
    PUT /api/equipes/:id
      ÔêÜ deve atualizar equipe (29 ms)
  TORCEDORES
    POST /api/torcedores
      ÔêÜ deve criar torcedor v├ílido (23 ms)
      ÔêÜ deve rejeitar CPF duplicado (16 ms)
      ÔêÜ deve rejeitar CPF curto (13 ms)
      ÔêÜ deve rejeitar sem nome (16 ms)
      ÔêÜ deve rejeitar sem equipe (13 ms)
      ÔêÜ deve rejeitar equipe_id inexistente (17 ms)
      ÔêÜ deve aceitar nome com acentos (19 ms)
      ÔêÜ deve limpar formata├º├úo do CPF (18 ms)
    GET /api/torcedores/verificar-cpf
      ÔêÜ deve retornar true para CPF existente (14 ms)
      ÔêÜ deve retornar false para CPF inexistente (12 
ms)
      ÔêÜ deve ignorar o pr├│prio torcedor (14 ms)
    GET /api/torcedores
      ÔêÜ deve listar torcedores com dados de equipe e 
plano (13 ms)
    PUT /api/torcedores/:id
      ÔêÜ deve atualizar torcedor (17 ms)
      ÔêÜ deve retornar 404 para torcedor inexistente 
(15 ms)
  JOGOS
    POST /api/jogos
      ÔêÜ deve criar jogo v├ílido (20 ms)
      ÔêÜ deve rejeitar mesma equipe (12 ms)
      ÔêÜ deve rejeitar gols negativos (13 ms)
      ÔêÜ deve rejeitar sem data (15 ms)
      ÔêÜ deve tratar empate (16 ms)
      ÔêÜ deve rejeitar equipe inexistente (20 ms)
    GET /api/jogos
      ÔêÜ deve listar jogos (15 ms)
      ÔêÜ deve filtrar por equipe (12 ms)
    PUT /api/jogos/:id
      ÔêÜ deve atualizar jogo (16 ms)
  EXCLUS├âO EM CASCATA
    ÔêÜ n├úo deve excluir equipe com torcedores (16 ms)
    ÔêÜ n├úo deve excluir equipe com jogos (11 ms)
  EXCLUS├âO
    ÔêÜ deve excluir jogo (22 ms)
    ÔêÜ deve excluir torcedor e decrementar qtd_socios 
(54 ms)
    ÔêÜ deve excluir equipe sem depend├¬ncias (51 ms)
    ÔêÜ deve excluir plano sem depend├¬ncias (48 ms)
    ÔêÜ deve retornar 404 para exclus├úo de recurso 
inexistente (55 ms)

Test Suites: 1 passed, 1 total
Tests:       58 passed, 58 total
Snapshots:   0 total
Time:        2.841 s
Ran all test suites.
